CodeVisionAVR C Compiler V1.24.1d Standard
(C) Copyright 1998-2004 Pavel Haiduc, HP InfoTech s.r.l.
http://www.hpinfotech.ro
e-mail:office@hpinfotech.ro

File: E:\Users\Pal\Cvproects\GAVT\AUTOKL\a_kl.c
Global variables memory map:

Variable                          Address   Size
*ptr_ram                             260h      2
*ptr_ram_int                         262h      2
*ptr_flash                           264h      2
*ptr_eeprom_int                      266h      2
*adc_out                             268h      2
b100Hz                               R2.0    1/8
b10Hz                                R2.1    1/8
b5Hz                                 R2.2    1/8
b2Hz                                 R2.3    1/8
b1Hz                                 R2.4    1/8
l_but                                R2.5    1/8
n_but                                R2.6    1/8
speed                                R2.7    1/8
zero_on                              R3.0    1/8
bit_minus                            R3.1    1/8
bAB                                  R3.2    1/8
bAN                                  R3.3    1/8
bAS1                                 R3.4    1/8
bAS2                                 R3.5    1/8
bFL2                                 R3.6    1/8
bFL__                                R3.7    1/8
bI                                   R4.0    1/8
ind                                 R6,R7      2
but                                    R8      1
parol                                26Ah      3
dig                                  26Dh      5
adc_cnt                                R9      1
adc_cnt1                              R10      1
tst_state                            272h     20
sub_ind                               R11      1
sub_ind1                              R12      1
index_set                             R13      1
cnt_ibat                              R14      1
cnt_ubat                             286h      1
Fnet                                 287h      2
bFF                                  R4.1    1/8
bFF_                                 R4.2    1/8
Hz_out                               289h      2
Hz_cnt                               28Bh      2
t0cnt0_                              28Dh      1
cnt_vz_sec                           28Eh      4
cnt_vz_sec_                          292h      4
zar_cnt                              296h      2
cnt_ind                              298h      1
sound_pic                            299h      1
sound_tic                            29Ah      1
sound_cnt                            29Bh      1
av_beep                              29Ch      2
av_rele                              29Eh      2
av_stat                              2A0h      2
lcd_buffer                           2A2h     40
dumm2                                2CAh     40
cnt_alias_blok                       2F2h      1
star_cnt                             2F3h      1
retind                               2F4h      1
retsub                               2F5h      1
retindsec                            2F6h      1
retcnt                               2F7h      2
retcntsec                            2F9h      2
bmm_cnt                              2FBh      1
bmp_cnt                              2FCh      1
bS                                   R4.3    1/8
wrk_time_cnt                         2FDh      8
wrk_time_cnt_sec                     305h      8
wrk_time_cnt_flag                    30Dh      8
nakal_cnt                            315h      2
Un                                   317h      2
In                                   319h      2
wrk_cnt                              31Bh      2
time_wrks                            31Dh      8
ind_cnt                              325h      1
temper                               326h      8
adc_bank_                            32Eh     20
nd                                   342h      4
out_st                               346h      4
out_st_old                           34Ah      4
cnt_block                            34Eh      4
def_char_cnt                         352h      1
adc_bank                             353h     80
cnt_ind_nd                           3A3h      1
but_n_G1                             3A4h      1
but_s_G1                             3A5h      1
but0_cnt_G1                          3A6h      1
but1_cnt_G1                          3A7h      1
but_onL_temp_G1                      3A8h      1
t0cnt0_S26                           3A9h      1
t0cnt1_S26                           3AAh      1
t0cnt2_S26                           3ABh      1
t0cnt3_S26                           3ACh      1
t0cnt4_S26                           3ADh      1
t0cnt6_S26                           3AEh      1
_base_y                              3AFh      4
_lcd_x                               3B3h      1
_lcd_y                               3B4h      1
_lcd_maxx                            3B5h      1
