HI-TECH Software PICC Compiler V8.05PL2

Linker command line:

-z -MGAVT10.map -ol.obj \
  -ppowerup=00h,intentry=04h,intcode,intret,init,init23,end_init,clrtext,stringtable,pstrings,strings \
  -ABANK0=020h-07Fh -prbit_0=BANK0,rbss_0=BANK0,rdata_0=BANK0,idata_0=CODE \
  -ABANK1=0A0h-0BFh -prbit_1=BANK1,rbss_1=BANK1,rdata_1=BANK1,idata_1=CODE \
  -ACOMBANK=070h-07Fh -ptemp=COMBANK -ACODE=0-07FFh -ACONST=0-0FFhx8 \
  -pconfig=2007h -pidloc=2000h -AEEDATA=2100h-21FFh -peeprom_data=EEDATA \
  -pfloat_text0=CODE,float_text1=CODE,float_text2=CODE \
  -pfloat_text3=CODE,float_text4=CODE \
  -pnvram=BANK0,nvram_1=BANK1,nvram_2=BANK2,nvram_3=BANK3 \
  -pnvbit_0=BANK0,nvbit_1=BANK1,nvbit_2=BANK2,nvbit_3=BANK3 -Q16F870 \
  -h+GAVT10.sym -E -EC:\DOCUME~1\-PAL-\LOCALS~1\Temp\_2G0.AAA \
  -ver=PICC#V8.05PL2 C:\HT-PIC\LIB\picrt40c.obj \
  E:\Users\Pal\Cvproects\GAVT\GAVT10\vzm_ob.obj C:\HT-PIC\LIB\pic61--u.lib \
  C:\HT-PIC\LIB\pic40c-c.lib C:\HT-PIC\LIB\pic61--u.lib 

Object code version is 3.7

Machine type is 16F870

Call graph:

*_main size 0,0 offset 0
*    _t0_init
*    _in_read size 0,5 offset 0
     _mdvr_drv
     _step_main_contr
     _step1_contr size 0,1 offset 0
     _step2_contr size 0,1 offset 0
     _but_drv
     _but_an
     _tumbler_drv
     _od_drv
     _led_out size 0,1 offset 0
     _err_drv
     _prog_drv
*_isr->_t0_init

		Name          Link     Load   Length Selector Space Scale
C:\HT-PIC\LIB\picrt40c.obj
		end_init        35       35        2       8     0
E:\Users\Pal\Cvproects\GAVT\GAVT10\vzm_ob.obj
		intcode          8        8       17       8     0
		intentry         4        4        4       8     0
		intret          1F       1F        5       8     0
		idata_0        7FC      7FC        4     FF8     0
		intsave_0       71       71        1      70     1
		rdata_0         4C       4C        4      20     1
		config        2007     2007        1    400E     0
		rbss_0          22       22       25      20     1
		rbit_0         100       20       10      20     1    8
		temp            70       70        1      70     1
		text13         4E8      4E8        A     9D0     0
		text10         516      516       1B     A2C     0
		text11         531      531       1D     A62     0
		text12         4FF      4FF       17     9FE     0
		intsave         52       52        1      20     1
		text15         573      573       25     AE6     0
		text1          54E      54E       25     A9C     0
		text0          4F2      4F2        D     9E4     0
		text2          608      608       53     C10     0
		text7          598      598       37     B30     0
		text8          65B      65B       5F     CB6     0
		text9          4E6      4E6        2     9CC     0
		text6          724      724       6A     E48     0
		text3          5CF      5CF       39     B9E     0
		text4          78E      78E       6E     F1C     0
		text5          6BA      6BA       6A     D74     0

C:\HT-PIC\LIB\pic61--u.lib

C:\HT-PIC\LIB\pic40c-c.lib
btemp0.obj      temp            70       70        1      70     1
clrbank0.obj    init            24       24        4       8     0
clrbit0.obj     init            28       28        4       8     0
clr.obj         clrtext         37       37        7       8     0
codeptr.obj     
copy.obj        clrtext         3E       3E        9       8     0
		temp            70       70        1      70     1
cpybank0.obj    init            2C       2C        9       8     0
powerup.obj     powerup          0        0        4       0     0
stringtab.obj   stringtab       47       47       16       8     0
		code_ptr        50       50        2      20     1

C:\HT-PIC\LIB\pic61--u.lib

COMMON          rbss_0          47       47        5      20     1

TOTAL		Name          Link     Load   Length
	CLASS	BANK0    
		rdata_0         4C       4C        4
		rbss_0          22       22       2A
		rbit_0         100       20       10
		temp            70       70        1
		intsave         52       52        1
		code_ptr        50       50        2

	CLASS	BANK1    

	CLASS	COMBANK  
		intsave_0       71       71        1

	CLASS	CODE     
		intcode          8        8       17
		intentry         4        4        4
		intret          1F       1F        5
		idata_0        7FC      7FC        4
		powerup          0        0        4
		clrtext         37       37       10
		end_init        35       35        2
		init            24       24       11
		text13         4E8      4E8        A
		text10         516      516       1B
		text11         531      531       1D
		text12         4FF      4FF       17
		text15         573      573       25
		text1          54E      54E       25
		text0          4F2      4F2        D
		text2          608      608       53
		text7          598      598       37
		text8          65B      65B       5F
		text9          4E6      4E6        2
		text6          724      724       6A
		text3          5CF      5CF       39
		text4          78E      78E       6E
		text5          6BA      6BA       6A

	CLASS	CONST    

	CLASS	EEDATA   

	CLASS	ENTRY    
		stringtab       47       47       16

	CLASS	BANK3    

	CLASS	BANK2    

	CLASS	STRING   

	CLASS	IDLOC    

	CLASS	CONFIG   
		config        2007     2007        1



SEGMENTS	Name		Load	Length	 Top	Selector    Space Class

		powerup         000000	000004	000004	       0       0  CODE    
		intentry        000004	000059	00005D	       8       0  CODE    
		rbit_0          000020	000033	000053	      20       1  BANK0   
		temp            000070	000002	000072	      70       1  COMBANK 
		text9           0004E6	000002	0004E8	     9CC       0  CODE    
		text13          0004E8	00000A	0004F2	     9D0       0  CODE    
		text0           0004F2	00000D	0004FF	     9E4       0  CODE    
		text12          0004FF	000017	000516	     9FE       0  CODE    
		text10          000516	00001B	000531	     A2C       0  CODE    
		text11          000531	00001D	00054E	     A62       0  CODE    
		text1           00054E	000025	000573	     A9C       0  CODE    
		text15          000573	000025	000598	     AE6       0  CODE    
		text7           000598	000037	0005CF	     B30       0  CODE    
		text3           0005CF	000039	000608	     B9E       0  CODE    
		text2           000608	000053	00065B	     C10       0  CODE    
		text8           00065B	00005F	0006BA	     CB6       0  CODE    
		text5           0006BA	00006A	000724	     D74       0  CODE    
		text6           000724	00006A	00078E	     E48       0  CODE    
		text4           00078E	00006E	0007FC	     F1C       0  CODE    
		idata_0         0007FC	000004	000800	     FF8       0  CODE    
		config          002007	000001	002008	    400E       0  CONFIG  


UNUSED ADDRESS RANGES

	BANK0            0053-006F
	                 0072-007F
	BANK1            00A0-00BF
	CODE             005D-04E5
	COMBANK          0072-007F
	CONST            005D-04E5
	EEDATA           2100-21FF

                                  Symbol Table

?a_DelayMs       rbss_0      0047  ?a_in_read       rbss_0      0047
?a_led_out       rbss_0      0047  ?a_step1_contr   rbss_0      0047
?a_step2_contr   rbss_0      0047  _DelayMs         text0       04F2
__Bnvbit_0       nvbit_0     0050  __Bnvbit_1       nvbit_1     00A0
__Bnvbit_2       nvbit_2     00A0  __Bnvbit_3       nvbit_3     00A0
__Brbit_0        rbit_0      0020  __Brbit_1        rbit_1      00A0
__Brbit_2        rbit_2      00A0  __Brbit_3        rbit_3      00A0
__H__Z73420RS_   __Z73420RS_ 00A0  __Hclrtext       clrtext     0047
__Hcode          code        00A0  __Hcode_ptr      code_ptr    0052
__Hcommon_ram    common_ram  00A0  __Hconfig        config      2008
__Heeprom_data   eeprom_data 2100  __Hend_init      end_init    0037
__Hfloat_text0   float_text0 005D  __Hfloat_text1   float_text1 005D
__Hfloat_text2   float_text2 005D  __Hfloat_text3   float_text3 005D
__Hfloat_text4   float_text4 005D  __Hidata_0       idata_0     0800
__Hidata_1       idata_1     005D  __Hidata_2       idata_2     00A0
__Hidata_3       idata_3     00A0  __Hidloc         idloc       2000
__Hinit          init        0035  __Hinit23        init23      0035
__Hintcode       intcode     001F  __Hintentry      intentry    0008
__Hintret        intret      0024  __Hintsave       intsave     00A0
__Hintsave_0     intsave_0   0072  __Hintsave_1     intsave_1   00A0
__Hintsave_2     intsave_2   00A0  __Hintsave_3     intsave_3   00A0
__Hnvbit_0       nvbit_0     0280  __Hnvbit_1       nvbit_1     0500
__Hnvbit_2       nvbit_2     0500  __Hnvbit_3       nvbit_3     0500
__Hnvram         nvram       0050  __Hnvram_1       nvram_1     00A0
__Hnvram_2       nvram_2     00A0  __Hnvram_3       nvram_3     00A0
__Hpowerup       powerup     0004  __Hpstrings      pstrings    005D
__Hrbit_0        rbit_0      0110  __Hrbit_1        rbit_1      0500
__Hrbit_2        rbit_2      0500  __Hrbit_3        rbit_3      0500
__Hrbss_0        rbss_0      004C  __Hrbss_1        rbss_1      00A0
__Hrbss_2        rbss_2      00A0  __Hrbss_3        rbss_3      00A0
__Hrdata_0       rdata_0     0050  __Hrdata_1       rdata_1     00A0
__Hrdata_2       rdata_2     00A0  __Hrdata_3       rdata_3     00A0
__Hstrings       strings     005D  __Hstringtable   stringtable 005D
__Hstruct        struct      0053  __Htemp          temp        0071
__Htext          text        00A0  __Hvectors       vectors     005D
__L__Z73420RS_   __Z73420RS_ 00A0  __Lclrtext       clrtext     0037
__Lcode          code        00A0  __Lcode_ptr      code_ptr    0050
__Lcommon_ram    common_ram  00A0  __Lconfig        config      2007
__Leeprom_data   eeprom_data 2100  __Lend_init      end_init    0035
__Lfloat_text0   float_text0 005D  __Lfloat_text1   float_text1 005D
__Lfloat_text2   float_text2 005D  __Lfloat_text3   float_text3 005D
__Lfloat_text4   float_text4 005D  __Lidata_0       idata_0     07FC
__Lidata_1       idata_1     005D  __Lidata_2       idata_2     00A0
__Lidata_3       idata_3     00A0  __Lidloc         idloc       2000
__Linit          init        0024  __Linit23        init23      0035
__Lintcode       intcode     0008  __Lintentry      intentry    0004
__Lintret        intret      001F  __Lintsave       intsave     00A0
__Lintsave_0     intsave_0   0071  __Lintsave_1     intsave_1   00A0
__Lintsave_2     intsave_2   00A0  __Lintsave_3     intsave_3   00A0
__Lnvbit_0       nvbit_0     0280  __Lnvbit_1       nvbit_1     0500
__Lnvbit_2       nvbit_2     0500  __Lnvbit_3       nvbit_3     0500
__Lnvram         nvram       0050  __Lnvram_1       nvram_1     00A0
__Lnvram_2       nvram_2     00A0  __Lnvram_3       nvram_3     00A0
__Lpowerup       powerup     0000  __Lpstrings      pstrings    005D
__Lrbit_0        rbit_0      0100  __Lrbit_1        rbit_1      0500
__Lrbit_2        rbit_2      0500  __Lrbit_3        rbit_3      0500
__Lrbss_0        rbss_0      0022  __Lrbss_1        rbss_1      00A0
__Lrbss_2        rbss_2      00A0  __Lrbss_3        rbss_3      00A0
__Lrdata_0       rdata_0     004C  __Lrdata_1       rdata_1     00A0
__Lrdata_2       rdata_2     00A0  __Lrdata_3       rdata_3     00A0
__Lstrings       strings     005D  __Lstringtable   stringtable 0047
__Lstruct        struct      0053  __Ltemp          temp        0070
__Ltext          text        00A0  __Lvectors       vectors     005D
__S0             (abs)       2100  __S1             (abs)       00A0
_bERR            rbit_0      0100  _bMD             rbit_0      0101
_bMD1            rbit_0      0102  _bMD2            rbit_0      0103
_bON_START       rbit_0      0104  _bON_STOP        rbit_0      0105
_bPP1            rbit_0      0106  _bPP2            rbit_0      0107
_bVR1            rbit_0      0108  _bVR2            rbit_0      0109
_bit_100Hz       rbit_0      010A  _bit_10Hz        rbit_0      010B
_bit_1Hz         rbit_0      010C  _but             rbss_0      003F
_but0_cnt        rbss_0      0022  _but1_cnt        rbss_0      0023
_but_an          text12      04FF  _but_drv         text11      0531
_but_n           rbss_0      0041  _but_onL_temp    rbss_0      0024
_but_s           rbss_0      0043  _cnt0            rbss_0      0025
_cnt1            rbss_0      0026  _cnt_but_START   rbss_0      0027
_cnt_but_STOP    rbss_0      0028  _cnt_del1        rbss_0      0029
_cnt_del2        rbss_0      002A  _cnt_del_main    rbss_0      002B
_cnt_md          rbss_0      002C  _cnt_md1         rbss_0      002D
_cnt_md2         rbss_0      002E  _cnt_vr1         rbss_0      002F
_cnt_vr2         rbss_0      0030  _err_drv         text9       04E6
_exit            init        0024  _in_read         text1       054E
_in_word         rbss_0      0045  _isr             intcode     0008
_l_but           rbit_0      010D  _led_out         text7       0598
_loop_stat       rbss_0      0031  _main            text15      0573
_mdvr_drv        text8       065B  _mode1           rbss_0      0032
_mode2           rbss_0      0033  _n_but           rbit_0      010E
_od1             rbss_0      0034  _od1_cnt         rbss_0      0035
_od2             rbss_0      0036  _od2_cnt         rbss_0      0037
_od_drv          text3       05CF  _prog            rdata_0     004F
_prog_drv        text10      0516  _speed           rbit_0      010F
_step1           rdata_0     004C  _step1_contr     text5       06BA
_step2           rdata_0     004D  _step2_contr     text6       0724
_step_main       rdata_0     004E  _step_main_contr text4       078E
_sw1_cnt         rbss_0      0038  _sw2_cnt         rbss_0      0039
_sw_loop_cnt     rbss_0      003A  _t0_init         text13      04E8
_temp            rbss_0      003B  _temper          rbss_0      003C
_tumbler_drv     text2       0608  _vol_i           rbss_0      003D
_vol_l           rbss_0      003E  clear_bank0      init        0024
clear_bit0       init        0028  clear_ram        clrtext     003A
code_ptr         code_ptr    0050  copy_bank0       init        002C
copy_data        clrtext     003E  int_entry        intentry    0004
int_func         intcode     0008  int_restore      intret      001F
intlevel0        intentry    0004  intlevel1        intentry    0004
powerup          powerup     0000  start            init        0024
string_indir     stringtable 004A  string_table     stringtable 0047
used_btemp0      (abs)       0001  used_code_ptr    (abs)       0001
